// Jest Snapshot v1, https://goo.gl/fbAQLP

exports[`should render expense list item 1`] = `
<div>
  <Link
    replace={false}
    to="/edit/2"
  >
    <h3>
      Pancakes
    </h3>
  </Link>
  <p>
    $16
    -
    December 27th, 1969
  </p>
</div>
`;
