// Jest Snapshot v1, https://goo.gl/fbAQLP

exports[`should render header correctly 1`] = `
<header>
  <div>
    <h1>
      Expensify
    </h1>
  </div>
  <div>
    <NavLink
      activeClassName="is-active"
      ariaCurrent="true"
      exact={true}
      to="/"
    >
      Dashboard
    </NavLink>
    <NavLink
      activeClassName="is-active"
      ariaCurrent="true"
      to="/create"
    >
      Create Expense
    </NavLink>
  </div>
</header>
`;
